// Jest Snapshot v1, https://goo.gl/fbAQLP

exports[`TopLevelLoader Test should render a fragment when loading set to false 1`] = `<Fragment />`;

exports[`TopLevelLoader Test should render a fragment with default state 1`] = `<Fragment />`;

exports[`TopLevelLoader Test should render correctly when loading set to true 1`] = `
<div
  className="progress"
  style={
    Object {
      "backgroundColor": "gray",
      "borderRadius": 0,
      "height": "4px",
    }
  }
>
  <div
    aria-valuemax="100"
    aria-valuemin="0"
    aria-valuenow={5}
    className="progress-bar progress-bar-striped progress-bar-animated bg-warning"
    role="progressbar"
    style={
      Object {
        "width": "5%",
      }
    }
  />
</div>
`;
